date,maximumtemperature,minimumtemperature,averagetemperature,precipitation,snowfall,snowdepth,rejectreason
2015-12-31,44.0000,31.0000,37.5000,-7.0000,0.0000,0.0000,precipitation is negative
2015-12-31,44.0000,31.0000,37.5000,0.0000,-9.0000,0.0000,snowfall is negative
2015-12-31,44.0000,31.0000,37.5000,0.0000,0.0000,-2.0000,snowdepth is negative
2015-12-27,20.0000,40.0000,50.0000,0.0000,0.0000,0.0000,minimumtemperature is not < maximumtemperature
