vendor_id,pickup_datetime,dropoff_datetime,passenger_count,trip_distance,pickup_longitude,pickup_latitude,rate_code,store_and_fwd_flag,dropoff_longitude,dropoff_latitude,payment_type,fare_amount,surcharge,mta_tax,tip_amount,tolls_amount,total_amount,rejectreason
CMT,2014-01-09 20:45:25,2014-01-09 20:52:31,1,5000.0,-73.994770000000003,40.736828000000003,1,N,-73.982226999999995,40.731789999999997,CRD,6.5,0.5,0.5,1.4,0.0,8.9,trip_distance is not <= 100
