vendor_id,pickup_datetime,dropoff_datetime,passenger_count,trip_distance,pickup_longitude,pickup_latitude,rate_code,store_and_fwd_flag,dropoff_longitude,dropoff_latitude,payment_type,fare_amount,surcharge,mta_tax,tip_amount,tolls_amount,total_amount,trip_date,trip_hour,trip_day_of_week,weather_date,maximumtemperature,minimumtemperature,averagetemperature,precipitation,snowfall,snowdepth,temperature_condition,snowfall_condition,snowdepth_condition,rain_condition
CMT,2014-01-09T20:45:25.000+01:00,2014-01-09T20:52:31.000+01:00,1,0.7,-73.994770000000003,40.736828000000003,1,N,-73.982226999999995,40.731789999999997,CRD,6.5,0.5,0.5,1.4,0.0,8.9,2014-01-09,20,5,2014-01-09,47.0000,40.0000,43.5000,0.0001,0.0000,0.0000,cold,nosnow,nosnow,moderate
